[2025-03-31 13:27:41:817] [INFO] - org.springframework.boot.logging.DeferredLog.logTo(DeferredLog.java:255) - Devtools property defaults active! Set 'spring.devtools.add-properties' to 'false' to disable
[2025-03-31 13:27:41:860] [INFO] - org.springframework.boot.logging.DeferredLog.logTo(DeferredLog.java:255) - For additional web related logging consider setting the 'logging.level.web' property to 'DEBUG'
[2025-03-31 13:27:43:047] [INFO] - org.springframework.data.repository.config.RepositoryConfigurationDelegate.multipleStoresDetected(RepositoryConfigurationDelegate.java:262) - Multiple Spring Data modules found, entering strict repository configuration mode
[2025-03-31 13:27:43:051] [INFO] - org.springframework.data.repository.config.RepositoryConfigurationDelegate.registerRepositoriesIn(RepositoryConfigurationDelegate.java:132) - Bootstrapping Spring Data Redis repositories in DEFAULT mode.
[2025-03-31 13:27:43:110] [INFO] - org.springframework.data.repository.config.RepositoryConfigurationDelegate.registerRepositoriesIn(RepositoryConfigurationDelegate.java:201) - Finished Spring Data repository scanning in 29 ms. Found 0 Redis repository interfaces.
[2025-03-31 13:27:44:597] [INFO] - org.springframework.boot.web.embedded.tomcat.TomcatWebServer.initialize(TomcatWebServer.java:108) - Tomcat initialized with port(s): 8081 (http)
[2025-03-31 13:27:44:754] [INFO] - org.springframework.boot.web.servlet.context.ServletWebServerApplicationContext.prepareWebApplicationContext(ServletWebServerApplicationContext.java:292) - Root WebApplicationContext: initialization completed in 2892 ms
[2025-03-31 13:27:46:438] [INFO] - org.springframework.boot.autoconfigure.web.servlet.WelcomePageHandlerMapping.<init>(WelcomePageHandlerMapping.java:53) - Adding welcome page: class path resource [static/index.html]
[2025-03-31 13:27:46:961] [INFO] - org.springframework.boot.devtools.autoconfigure.OptionalLiveReloadServer.startServer(OptionalLiveReloadServer.java:59) - LiveReload server is running on port 35729
[2025-03-31 13:27:47:021] [INFO] - org.springframework.boot.web.embedded.tomcat.TomcatWebServer.start(TomcatWebServer.java:220) - Tomcat started on port(s): 8081 (http) with context path ''
[2025-03-31 13:28:48:297] [INFO] - org.springframework.web.servlet.FrameworkServlet.initServletBean(FrameworkServlet.java:525) - Initializing Servlet 'dispatcherServlet'
[2025-03-31 13:28:48:300] [INFO] - org.springframework.web.servlet.FrameworkServlet.initServletBean(FrameworkServlet.java:547) - Completed initialization in 2 ms
[2025-03-31 13:32:54:817] [INFO] - org.springframework.boot.logging.DeferredLog.logTo(DeferredLog.java:255) - Devtools property defaults active! Set 'spring.devtools.add-properties' to 'false' to disable
[2025-03-31 13:32:54:818] [INFO] - org.springframework.boot.logging.DeferredLog.logTo(DeferredLog.java:255) - For additional web related logging consider setting the 'logging.level.web' property to 'DEBUG'
[2025-03-31 13:32:55:943] [INFO] - org.springframework.data.repository.config.RepositoryConfigurationDelegate.multipleStoresDetected(RepositoryConfigurationDelegate.java:262) - Multiple Spring Data modules found, entering strict repository configuration mode
[2025-03-31 13:32:55:947] [INFO] - org.springframework.data.repository.config.RepositoryConfigurationDelegate.registerRepositoriesIn(RepositoryConfigurationDelegate.java:132) - Bootstrapping Spring Data Redis repositories in DEFAULT mode.
[2025-03-31 13:32:56:004] [INFO] - org.springframework.data.repository.config.RepositoryConfigurationDelegate.registerRepositoriesIn(RepositoryConfigurationDelegate.java:201) - Finished Spring Data repository scanning in 37 ms. Found 0 Redis repository interfaces.
[2025-03-31 13:32:57:513] [INFO] - org.springframework.boot.web.embedded.tomcat.TomcatWebServer.initialize(TomcatWebServer.java:108) - Tomcat initialized with port(s): 8081 (http)
[2025-03-31 13:32:57:680] [INFO] - org.springframework.boot.web.servlet.context.ServletWebServerApplicationContext.prepareWebApplicationContext(ServletWebServerApplicationContext.java:292) - Root WebApplicationContext: initialization completed in 2859 ms
[2025-03-31 13:32:59:401] [INFO] - org.springframework.boot.autoconfigure.web.servlet.WelcomePageHandlerMapping.<init>(WelcomePageHandlerMapping.java:53) - Adding welcome page: class path resource [static/index.html]
[2025-03-31 13:32:59:984] [INFO] - org.springframework.boot.devtools.autoconfigure.OptionalLiveReloadServer.startServer(OptionalLiveReloadServer.java:59) - LiveReload server is running on port 35729
[2025-03-31 13:33:00:057] [INFO] - org.springframework.boot.web.embedded.tomcat.TomcatWebServer.start(TomcatWebServer.java:220) - Tomcat started on port(s): 8081 (http) with context path ''
[2025-03-31 13:34:24:352] [INFO] - org.springframework.boot.logging.DeferredLog.logTo(DeferredLog.java:255) - Devtools property defaults active! Set 'spring.devtools.add-properties' to 'false' to disable
[2025-03-31 13:34:24:353] [INFO] - org.springframework.boot.logging.DeferredLog.logTo(DeferredLog.java:255) - For additional web related logging consider setting the 'logging.level.web' property to 'DEBUG'
[2025-03-31 13:34:25:323] [INFO] - org.springframework.data.repository.config.RepositoryConfigurationDelegate.multipleStoresDetected(RepositoryConfigurationDelegate.java:262) - Multiple Spring Data modules found, entering strict repository configuration mode
[2025-03-31 13:34:25:326] [INFO] - org.springframework.data.repository.config.RepositoryConfigurationDelegate.registerRepositoriesIn(RepositoryConfigurationDelegate.java:132) - Bootstrapping Spring Data Redis repositories in DEFAULT mode.
[2025-03-31 13:34:25:376] [INFO] - org.springframework.data.repository.config.RepositoryConfigurationDelegate.registerRepositoriesIn(RepositoryConfigurationDelegate.java:201) - Finished Spring Data repository scanning in 28 ms. Found 0 Redis repository interfaces.
[2025-03-31 13:34:26:619] [INFO] - org.springframework.boot.web.embedded.tomcat.TomcatWebServer.initialize(TomcatWebServer.java:108) - Tomcat initialized with port(s): 8081 (http)
[2025-03-31 13:34:26:780] [INFO] - org.springframework.boot.web.servlet.context.ServletWebServerApplicationContext.prepareWebApplicationContext(ServletWebServerApplicationContext.java:292) - Root WebApplicationContext: initialization completed in 2426 ms
[2025-03-31 13:34:28:019] [INFO] - org.springframework.boot.autoconfigure.web.servlet.WelcomePageHandlerMapping.<init>(WelcomePageHandlerMapping.java:53) - Adding welcome page: class path resource [static/index.html]
[2025-03-31 13:34:28:487] [INFO] - org.springframework.boot.devtools.autoconfigure.OptionalLiveReloadServer.startServer(OptionalLiveReloadServer.java:59) - LiveReload server is running on port 35729
[2025-03-31 13:34:28:538] [INFO] - org.springframework.boot.web.embedded.tomcat.TomcatWebServer.start(TomcatWebServer.java:220) - Tomcat started on port(s): 8081 (http) with context path ''
[2025-03-31 13:34:36:697] [INFO] - org.springframework.web.servlet.FrameworkServlet.initServletBean(FrameworkServlet.java:525) - Initializing Servlet 'dispatcherServlet'
[2025-03-31 13:34:36:700] [INFO] - org.springframework.web.servlet.FrameworkServlet.initServletBean(FrameworkServlet.java:547) - Completed initialization in 2 ms
[2025-03-31 13:35:58:099] [INFO] - org.springframework.boot.logging.DeferredLog.logTo(DeferredLog.java:255) - Devtools property defaults active! Set 'spring.devtools.add-properties' to 'false' to disable
[2025-03-31 13:35:58:099] [INFO] - org.springframework.boot.logging.DeferredLog.logTo(DeferredLog.java:255) - For additional web related logging consider setting the 'logging.level.web' property to 'DEBUG'
[2025-03-31 13:35:59:074] [INFO] - org.springframework.data.repository.config.RepositoryConfigurationDelegate.multipleStoresDetected(RepositoryConfigurationDelegate.java:262) - Multiple Spring Data modules found, entering strict repository configuration mode
[2025-03-31 13:35:59:078] [INFO] - org.springframework.data.repository.config.RepositoryConfigurationDelegate.registerRepositoriesIn(RepositoryConfigurationDelegate.java:132) - Bootstrapping Spring Data Redis repositories in DEFAULT mode.
[2025-03-31 13:35:59:134] [INFO] - org.springframework.data.repository.config.RepositoryConfigurationDelegate.registerRepositoriesIn(RepositoryConfigurationDelegate.java:201) - Finished Spring Data repository scanning in 33 ms. Found 0 Redis repository interfaces.
[2025-03-31 13:36:00:506] [INFO] - org.springframework.boot.web.embedded.tomcat.TomcatWebServer.initialize(TomcatWebServer.java:108) - Tomcat initialized with port(s): 8081 (http)
[2025-03-31 13:36:00:654] [INFO] - org.springframework.boot.web.servlet.context.ServletWebServerApplicationContext.prepareWebApplicationContext(ServletWebServerApplicationContext.java:292) - Root WebApplicationContext: initialization completed in 2553 ms
[2025-03-31 13:36:01:976] [INFO] - org.springframework.boot.autoconfigure.web.servlet.WelcomePageHandlerMapping.<init>(WelcomePageHandlerMapping.java:53) - Adding welcome page: class path resource [static/index.html]
[2025-03-31 13:36:02:610] [INFO] - org.springframework.boot.devtools.autoconfigure.OptionalLiveReloadServer.startServer(OptionalLiveReloadServer.java:59) - LiveReload server is running on port 35729
[2025-03-31 13:36:02:667] [INFO] - org.springframework.boot.web.embedded.tomcat.TomcatWebServer.start(TomcatWebServer.java:220) - Tomcat started on port(s): 8081 (http) with context path ''
[2025-03-31 13:36:19:663] [INFO] - org.springframework.boot.logging.DeferredLog.logTo(DeferredLog.java:255) - Devtools property defaults active! Set 'spring.devtools.add-properties' to 'false' to disable
[2025-03-31 13:36:19:664] [INFO] - org.springframework.boot.logging.DeferredLog.logTo(DeferredLog.java:255) - For additional web related logging consider setting the 'logging.level.web' property to 'DEBUG'
[2025-03-31 13:36:20:577] [INFO] - org.springframework.data.repository.config.RepositoryConfigurationDelegate.multipleStoresDetected(RepositoryConfigurationDelegate.java:262) - Multiple Spring Data modules found, entering strict repository configuration mode
[2025-03-31 13:36:20:580] [INFO] - org.springframework.data.repository.config.RepositoryConfigurationDelegate.registerRepositoriesIn(RepositoryConfigurationDelegate.java:132) - Bootstrapping Spring Data Redis repositories in DEFAULT mode.
[2025-03-31 13:36:20:629] [INFO] - org.springframework.data.repository.config.RepositoryConfigurationDelegate.registerRepositoriesIn(RepositoryConfigurationDelegate.java:201) - Finished Spring Data repository scanning in 27 ms. Found 0 Redis repository interfaces.
[2025-03-31 13:36:21:759] [INFO] - org.springframework.boot.web.embedded.tomcat.TomcatWebServer.initialize(TomcatWebServer.java:108) - Tomcat initialized with port(s): 8081 (http)
[2025-03-31 13:36:21:922] [INFO] - org.springframework.boot.web.servlet.context.ServletWebServerApplicationContext.prepareWebApplicationContext(ServletWebServerApplicationContext.java:292) - Root WebApplicationContext: initialization completed in 2257 ms
[2025-03-31 13:36:23:229] [INFO] - org.springframework.boot.autoconfigure.web.servlet.WelcomePageHandlerMapping.<init>(WelcomePageHandlerMapping.java:53) - Adding welcome page: class path resource [static/index.html]
[2025-03-31 13:36:23:725] [INFO] - org.springframework.boot.devtools.autoconfigure.OptionalLiveReloadServer.startServer(OptionalLiveReloadServer.java:59) - LiveReload server is running on port 35729
[2025-03-31 13:36:23:774] [INFO] - org.springframework.boot.web.embedded.tomcat.TomcatWebServer.start(TomcatWebServer.java:220) - Tomcat started on port(s): 8081 (http) with context path ''
[2025-03-31 13:36:31:010] [INFO] - org.springframework.web.servlet.FrameworkServlet.initServletBean(FrameworkServlet.java:525) - Initializing Servlet 'dispatcherServlet'
[2025-03-31 13:36:31:012] [INFO] - org.springframework.web.servlet.FrameworkServlet.initServletBean(FrameworkServlet.java:547) - Completed initialization in 1 ms
[2025-03-31 13:37:38:899] [INFO] - org.springframework.boot.logging.DeferredLog.logTo(DeferredLog.java:255) - Devtools property defaults active! Set 'spring.devtools.add-properties' to 'false' to disable
[2025-03-31 13:37:38:900] [INFO] - org.springframework.boot.logging.DeferredLog.logTo(DeferredLog.java:255) - For additional web related logging consider setting the 'logging.level.web' property to 'DEBUG'
[2025-03-31 13:37:39:840] [INFO] - org.springframework.data.repository.config.RepositoryConfigurationDelegate.multipleStoresDetected(RepositoryConfigurationDelegate.java:262) - Multiple Spring Data modules found, entering strict repository configuration mode
[2025-03-31 13:37:39:844] [INFO] - org.springframework.data.repository.config.RepositoryConfigurationDelegate.registerRepositoriesIn(RepositoryConfigurationDelegate.java:132) - Bootstrapping Spring Data Redis repositories in DEFAULT mode.
[2025-03-31 13:37:39:894] [INFO] - org.springframework.data.repository.config.RepositoryConfigurationDelegate.registerRepositoriesIn(RepositoryConfigurationDelegate.java:201) - Finished Spring Data repository scanning in 28 ms. Found 0 Redis repository interfaces.
[2025-03-31 13:37:41:022] [INFO] - org.springframework.boot.web.embedded.tomcat.TomcatWebServer.initialize(TomcatWebServer.java:108) - Tomcat initialized with port(s): 8081 (http)
[2025-03-31 13:37:41:150] [INFO] - org.springframework.boot.web.servlet.context.ServletWebServerApplicationContext.prepareWebApplicationContext(ServletWebServerApplicationContext.java:292) - Root WebApplicationContext: initialization completed in 2248 ms
[2025-03-31 13:37:42:417] [INFO] - org.springframework.boot.autoconfigure.web.servlet.WelcomePageHandlerMapping.<init>(WelcomePageHandlerMapping.java:53) - Adding welcome page: class path resource [static/index.html]
[2025-03-31 13:37:42:882] [INFO] - org.springframework.boot.devtools.autoconfigure.OptionalLiveReloadServer.startServer(OptionalLiveReloadServer.java:59) - LiveReload server is running on port 35729
[2025-03-31 13:37:42:932] [INFO] - org.springframework.boot.web.embedded.tomcat.TomcatWebServer.start(TomcatWebServer.java:220) - Tomcat started on port(s): 8081 (http) with context path ''
[2025-03-31 13:37:45:328] [INFO] - org.springframework.web.servlet.FrameworkServlet.initServletBean(FrameworkServlet.java:525) - Initializing Servlet 'dispatcherServlet'
[2025-03-31 13:37:45:329] [INFO] - org.springframework.web.servlet.FrameworkServlet.initServletBean(FrameworkServlet.java:547) - Completed initialization in 1 ms
[2025-03-31 13:38:51:919] [INFO] - org.springframework.boot.logging.DeferredLog.logTo(DeferredLog.java:255) - Devtools property defaults active! Set 'spring.devtools.add-properties' to 'false' to disable
[2025-03-31 13:38:51:920] [INFO] - org.springframework.boot.logging.DeferredLog.logTo(DeferredLog.java:255) - For additional web related logging consider setting the 'logging.level.web' property to 'DEBUG'
[2025-03-31 13:38:52:916] [INFO] - org.springframework.data.repository.config.RepositoryConfigurationDelegate.multipleStoresDetected(RepositoryConfigurationDelegate.java:262) - Multiple Spring Data modules found, entering strict repository configuration mode
[2025-03-31 13:38:52:919] [INFO] - org.springframework.data.repository.config.RepositoryConfigurationDelegate.registerRepositoriesIn(RepositoryConfigurationDelegate.java:132) - Bootstrapping Spring Data Redis repositories in DEFAULT mode.
[2025-03-31 13:38:52:966] [INFO] - org.springframework.data.repository.config.RepositoryConfigurationDelegate.registerRepositoriesIn(RepositoryConfigurationDelegate.java:201) - Finished Spring Data repository scanning in 26 ms. Found 0 Redis repository interfaces.
[2025-03-31 13:38:54:088] [INFO] - org.springframework.boot.web.embedded.tomcat.TomcatWebServer.initialize(TomcatWebServer.java:108) - Tomcat initialized with port(s): 8081 (http)
[2025-03-31 13:38:54:224] [INFO] - org.springframework.boot.web.servlet.context.ServletWebServerApplicationContext.prepareWebApplicationContext(ServletWebServerApplicationContext.java:292) - Root WebApplicationContext: initialization completed in 2303 ms
[2025-03-31 13:38:55:636] [INFO] - org.springframework.boot.autoconfigure.web.servlet.WelcomePageHandlerMapping.<init>(WelcomePageHandlerMapping.java:53) - Adding welcome page: class path resource [static/index.html]
[2025-03-31 13:38:56:189] [INFO] - org.springframework.boot.devtools.autoconfigure.OptionalLiveReloadServer.startServer(OptionalLiveReloadServer.java:59) - LiveReload server is running on port 35729
[2025-03-31 13:38:56:246] [INFO] - org.springframework.boot.web.embedded.tomcat.TomcatWebServer.start(TomcatWebServer.java:220) - Tomcat started on port(s): 8081 (http) with context path ''
[2025-03-31 13:39:01:657] [INFO] - org.springframework.web.servlet.FrameworkServlet.initServletBean(FrameworkServlet.java:525) - Initializing Servlet 'dispatcherServlet'
[2025-03-31 13:39:01:658] [INFO] - org.springframework.web.servlet.FrameworkServlet.initServletBean(FrameworkServlet.java:547) - Completed initialization in 1 ms
[2025-03-31 13:40:49:033] [INFO] - org.springframework.boot.logging.DeferredLog.logTo(DeferredLog.java:255) - Devtools property defaults active! Set 'spring.devtools.add-properties' to 'false' to disable
[2025-03-31 13:40:49:034] [INFO] - org.springframework.boot.logging.DeferredLog.logTo(DeferredLog.java:255) - For additional web related logging consider setting the 'logging.level.web' property to 'DEBUG'
[2025-03-31 13:40:49:954] [INFO] - org.springframework.data.repository.config.RepositoryConfigurationDelegate.multipleStoresDetected(RepositoryConfigurationDelegate.java:262) - Multiple Spring Data modules found, entering strict repository configuration mode
[2025-03-31 13:40:49:957] [INFO] - org.springframework.data.repository.config.RepositoryConfigurationDelegate.registerRepositoriesIn(RepositoryConfigurationDelegate.java:132) - Bootstrapping Spring Data Redis repositories in DEFAULT mode.
[2025-03-31 13:40:50:006] [INFO] - org.springframework.data.repository.config.RepositoryConfigurationDelegate.registerRepositoriesIn(RepositoryConfigurationDelegate.java:201) - Finished Spring Data repository scanning in 27 ms. Found 0 Redis repository interfaces.
[2025-03-31 13:40:51:121] [INFO] - org.springframework.boot.web.embedded.tomcat.TomcatWebServer.initialize(TomcatWebServer.java:108) - Tomcat initialized with port(s): 8081 (http)
[2025-03-31 13:40:51:274] [INFO] - org.springframework.boot.web.servlet.context.ServletWebServerApplicationContext.prepareWebApplicationContext(ServletWebServerApplicationContext.java:292) - Root WebApplicationContext: initialization completed in 2238 ms
[2025-03-31 13:40:52:585] [INFO] - org.springframework.boot.autoconfigure.web.servlet.WelcomePageHandlerMapping.<init>(WelcomePageHandlerMapping.java:53) - Adding welcome page: class path resource [static/index.html]
[2025-03-31 13:40:53:062] [INFO] - org.springframework.boot.devtools.autoconfigure.OptionalLiveReloadServer.startServer(OptionalLiveReloadServer.java:59) - LiveReload server is running on port 35729
[2025-03-31 13:40:53:115] [INFO] - org.springframework.boot.web.embedded.tomcat.TomcatWebServer.start(TomcatWebServer.java:220) - Tomcat started on port(s): 8081 (http) with context path ''
[2025-03-31 13:40:59:061] [INFO] - org.springframework.web.servlet.FrameworkServlet.initServletBean(FrameworkServlet.java:525) - Initializing Servlet 'dispatcherServlet'
[2025-03-31 13:40:59:062] [INFO] - org.springframework.web.servlet.FrameworkServlet.initServletBean(FrameworkServlet.java:547) - Completed initialization in 1 ms
[2025-03-31 13:43:13:858] [INFO] - org.springframework.boot.logging.DeferredLog.logTo(DeferredLog.java:255) - Devtools property defaults active! Set 'spring.devtools.add-properties' to 'false' to disable
[2025-03-31 13:43:13:858] [INFO] - org.springframework.boot.logging.DeferredLog.logTo(DeferredLog.java:255) - For additional web related logging consider setting the 'logging.level.web' property to 'DEBUG'
[2025-03-31 13:43:14:800] [INFO] - org.springframework.data.repository.config.RepositoryConfigurationDelegate.multipleStoresDetected(RepositoryConfigurationDelegate.java:262) - Multiple Spring Data modules found, entering strict repository configuration mode
[2025-03-31 13:43:14:803] [INFO] - org.springframework.data.repository.config.RepositoryConfigurationDelegate.registerRepositoriesIn(RepositoryConfigurationDelegate.java:132) - Bootstrapping Spring Data Redis repositories in DEFAULT mode.
[2025-03-31 13:43:14:854] [INFO] - org.springframework.data.repository.config.RepositoryConfigurationDelegate.registerRepositoriesIn(RepositoryConfigurationDelegate.java:201) - Finished Spring Data repository scanning in 28 ms. Found 0 Redis repository interfaces.
[2025-03-31 13:43:15:996] [INFO] - org.springframework.boot.web.embedded.tomcat.TomcatWebServer.initialize(TomcatWebServer.java:108) - Tomcat initialized with port(s): 8081 (http)
[2025-03-31 13:43:16:163] [INFO] - org.springframework.boot.web.servlet.context.ServletWebServerApplicationContext.prepareWebApplicationContext(ServletWebServerApplicationContext.java:292) - Root WebApplicationContext: initialization completed in 2303 ms
[2025-03-31 13:43:17:500] [INFO] - org.springframework.boot.autoconfigure.web.servlet.WelcomePageHandlerMapping.<init>(WelcomePageHandlerMapping.java:53) - Adding welcome page: class path resource [static/index.html]
[2025-03-31 13:43:18:003] [INFO] - org.springframework.boot.devtools.autoconfigure.OptionalLiveReloadServer.startServer(OptionalLiveReloadServer.java:59) - LiveReload server is running on port 35729
[2025-03-31 13:43:18:059] [INFO] - org.springframework.boot.web.embedded.tomcat.TomcatWebServer.start(TomcatWebServer.java:220) - Tomcat started on port(s): 8081 (http) with context path ''
[2025-03-31 13:43:24:971] [INFO] - org.springframework.web.servlet.FrameworkServlet.initServletBean(FrameworkServlet.java:525) - Initializing Servlet 'dispatcherServlet'
[2025-03-31 13:43:24:973] [INFO] - org.springframework.web.servlet.FrameworkServlet.initServletBean(FrameworkServlet.java:547) - Completed initialization in 2 ms
