[2025-04-01 09:04:54:060] [INFO] - org.springframework.boot.logging.DeferredLog.logTo(DeferredLog.java:255) - Devtools property defaults active! Set 'spring.devtools.add-properties' to 'false' to disable
[2025-04-01 09:04:54:071] [INFO] - org.springframework.boot.logging.DeferredLog.logTo(DeferredLog.java:255) - For additional web related logging consider setting the 'logging.level.web' property to 'DEBUG'
[2025-04-01 09:04:55:165] [INFO] - org.springframework.data.repository.config.RepositoryConfigurationDelegate.multipleStoresDetected(RepositoryConfigurationDelegate.java:262) - Multiple Spring Data modules found, entering strict repository configuration mode
[2025-04-01 09:04:55:170] [INFO] - org.springframework.data.repository.config.RepositoryConfigurationDelegate.registerRepositoriesIn(RepositoryConfigurationDelegate.java:132) - Bootstrapping Spring Data Redis repositories in DEFAULT mode.
[2025-04-01 09:04:55:268] [INFO] - org.springframework.data.repository.config.RepositoryConfigurationDelegate.registerRepositoriesIn(RepositoryConfigurationDelegate.java:201) - Finished Spring Data repository scanning in 29 ms. Found 0 Redis repository interfaces.
[2025-04-01 09:04:56:583] [INFO] - org.springframework.boot.web.embedded.tomcat.TomcatWebServer.initialize(TomcatWebServer.java:108) - Tomcat initialized with port(s): 8081 (http)
[2025-04-01 09:04:56:724] [INFO] - org.springframework.boot.web.servlet.context.ServletWebServerApplicationContext.prepareWebApplicationContext(ServletWebServerApplicationContext.java:292) - Root WebApplicationContext: initialization completed in 2652 ms
[2025-04-01 09:04:58:140] [INFO] - org.springframework.boot.autoconfigure.web.servlet.WelcomePageHandlerMapping.<init>(WelcomePageHandlerMapping.java:53) - Adding welcome page: class path resource [static/index.html]
[2025-04-01 09:04:58:622] [INFO] - org.springframework.boot.devtools.autoconfigure.OptionalLiveReloadServer.startServer(OptionalLiveReloadServer.java:59) - LiveReload server is running on port 35729
[2025-04-01 09:04:58:692] [INFO] - org.springframework.boot.web.embedded.tomcat.TomcatWebServer.start(TomcatWebServer.java:220) - Tomcat started on port(s): 8081 (http) with context path ''
[2025-04-01 09:05:42:147] [INFO] - org.springframework.web.servlet.FrameworkServlet.initServletBean(FrameworkServlet.java:525) - Initializing Servlet 'dispatcherServlet'
[2025-04-01 09:05:42:149] [INFO] - org.springframework.web.servlet.FrameworkServlet.initServletBean(FrameworkServlet.java:547) - Completed initialization in 1 ms
[2025-04-01 15:39:12:974] [INFO] - org.springframework.boot.logging.DeferredLog.logTo(DeferredLog.java:255) - Devtools property defaults active! Set 'spring.devtools.add-properties' to 'false' to disable
[2025-04-01 15:39:12:975] [INFO] - org.springframework.boot.logging.DeferredLog.logTo(DeferredLog.java:255) - For additional web related logging consider setting the 'logging.level.web' property to 'DEBUG'
[2025-04-01 15:39:14:130] [INFO] - org.springframework.data.repository.config.RepositoryConfigurationDelegate.multipleStoresDetected(RepositoryConfigurationDelegate.java:262) - Multiple Spring Data modules found, entering strict repository configuration mode
[2025-04-01 15:39:14:135] [INFO] - org.springframework.data.repository.config.RepositoryConfigurationDelegate.registerRepositoriesIn(RepositoryConfigurationDelegate.java:132) - Bootstrapping Spring Data Redis repositories in DEFAULT mode.
[2025-04-01 15:39:14:197] [INFO] - org.springframework.data.repository.config.RepositoryConfigurationDelegate.registerRepositoriesIn(RepositoryConfigurationDelegate.java:201) - Finished Spring Data repository scanning in 31 ms. Found 0 Redis repository interfaces.
[2025-04-01 15:39:15:443] [INFO] - org.springframework.boot.web.embedded.tomcat.TomcatWebServer.initialize(TomcatWebServer.java:108) - Tomcat initialized with port(s): 8081 (http)
[2025-04-01 15:39:15:728] [INFO] - org.springframework.boot.web.servlet.context.ServletWebServerApplicationContext.prepareWebApplicationContext(ServletWebServerApplicationContext.java:292) - Root WebApplicationContext: initialization completed in 2752 ms
[2025-04-01 15:39:17:113] [INFO] - org.springframework.boot.autoconfigure.web.servlet.WelcomePageHandlerMapping.<init>(WelcomePageHandlerMapping.java:53) - Adding welcome page: class path resource [static/index.html]
[2025-04-01 15:39:17:584] [INFO] - org.springframework.boot.devtools.autoconfigure.OptionalLiveReloadServer.startServer(OptionalLiveReloadServer.java:59) - LiveReload server is running on port 35729
[2025-04-01 15:39:17:657] [INFO] - org.springframework.boot.web.embedded.tomcat.TomcatWebServer.start(TomcatWebServer.java:220) - Tomcat started on port(s): 8081 (http) with context path ''
[2025-04-01 15:39:57:728] [INFO] - org.springframework.web.servlet.FrameworkServlet.initServletBean(FrameworkServlet.java:525) - Initializing Servlet 'dispatcherServlet'
[2025-04-01 15:39:57:730] [INFO] - org.springframework.web.servlet.FrameworkServlet.initServletBean(FrameworkServlet.java:547) - Completed initialization in 1 ms
